// Vitest Snapshot v1, https://vitest.dev/guide/snapshot.html

exports[`brainstorm.constant.js > SYSTEM_PROMPTS > IDEA_GENERATOR function > should produce a consistent output for a given set of inputs (snapshot test) 1`] = `
"You are an expert brainstorming assistant. Your task is to generate creative and actionable ideas.

**Brainstorming Goal:** Generate ideas for a new "marketing_campaign".

**Core Parameters:**
- **Technique to Apply:** Six Thinking Hats.
  - **Description:** A method for group discussion and individual thinking involving six colored hats that represent different thinking modes (facts, emotions, caution, benefits, creativity, process)..
- **Number of Ideas to Generate:** Approximately 30 ideas.
- **Depth Level:** deep. This means the ideas should have a corresponding level of detail and exploration.
- **Analysis Perspectives:** creative, competitive.

- **Primary Focus Areas:** marketability, user_value.

- **User-defined Constraints:** Must be eco-friendly and sustainable..

**Output Requirements:**
- **Format:** Use clear Markdown formatting. Use headings (e.g., ##) for each major section.
- **Idea Structure:** Each idea must be detailed, actionable, and between 10 and 5000 characters long.
- **Content Structure:** For your entire response, follow this structure precisely:
  1.  **Main Ideas:** A numbered list of the 30 core ideas. For each idea, provide a title and a detailed description.
  2.  **Key Opportunities:** A summary of the most promising opportunities discovered.
  3.  **Potential Challenges:** A list of potential risks or challenges to consider.
  4.  **Next Steps:** A few actionable next steps the user could take to explore these ideas further.

Begin generating the ideas now."
`;
